Warning: The option '-H:Name=circe-native-lib' is experimental and must be enabled via '-H:+UnlockExperimentalVMOptions' in the future.
Warning: Please re-evaluate whether any experimental option is required, and either remove or unlock it. The build output lists all active experimental options, including where they come from and possible alternatives. If you think an experimental option should be considered as stable, please file an issue.
Warning: Option 'EnableAllSecurityServices' is deprecated and might be removed in a future release. Please refer to the GraalVM release notes.
========================================================================================================================
GraalVM Native Image: Generating 'libcirce-native' (shared library)...
========================================================================================================================
For detailed information and explanations on the build output, visit:
https://github.com/oracle/graal/blob/master/docs/reference-manual/native-image/BuildOutput.md
------------------------------------------------------------------------------------------------------------------------
[1/8] Initializing...                                                                                    (2.7s @ 0.13GB)
 Java version: 21.0.2+13, vendor version: GraalVM CE 21.0.2+13.1
 Graal compiler: optimization level: 2, target machine: x86-64-v3
 C compiler: gcc (linux, x86_64, 14.2.0)
 Garbage collector: Serial GC (max heap size: 80% of RAM)
 1 user-specific feature(s):
 - com.oracle.svm.thirdparty.gson.GsonFeature
------------------------------------------------------------------------------------------------------------------------
Build resources:
 - 10.88GB of memory (75.6% of 14.39GB system memory, determined at start)
 - 16 thread(s) (100.0% of 16 available processor(s), determined at start)
[2/8] Performing analysis...  []                                                                         (1.1s @ 0.19GB)
    1,452 reachable types   (47.7% of    3,047 total)
      922 reachable fields  (28.5% of    3,237 total)
    3,333 reachable methods (18.1% of   18,374 total)
      527 types,    75 fields, and   565 methods registered for reflection

Error: @CEntryPoint requires exactly one execution context parameter of type IsolateThread: org.ohdsi.circe.CirceNativeLibrary.freeString(CCharPointer)
com.oracle.svm.core.util.UserError$UserException: @CEntryPoint requires exactly one execution context parameter of type IsolateThread: org.ohdsi.circe.CirceNativeLibrary.freeString(CCharPointer)
	at org.graalvm.nativeimage.builder/com.oracle.svm.core.util.UserError.abort(UserError.java:73)
	at org.graalvm.nativeimage.builder/com.oracle.svm.hosted.code.CEntryPointCallStubMethod.generatePrologue(CEntryPointCallStubMethod.java:391)
	at org.graalvm.nativeimage.builder/com.oracle.svm.hosted.code.CEntryPointCallStubMethod.buildGraph(CEntryPointCallStubMethod.java:156)
	at org.graalvm.nativeimage.pointsto/com.oracle.graal.pointsto.meta.AnalysisMethod.buildGraph(AnalysisMethod.java:636)
	at org.graalvm.nativeimage.pointsto/com.oracle.graal.pointsto.flow.AnalysisParsedGraph.parseBytecode(AnalysisParsedGraph.java:110)
	at org.graalvm.nativeimage.pointsto/com.oracle.graal.pointsto.meta.AnalysisMethod.parseGraph(AnalysisMethod.java:895)
	at org.graalvm.nativeimage.pointsto/com.oracle.graal.pointsto.meta.AnalysisMethod.ensureGraphParsedHelper(AnalysisMethod.java:860)
	at org.graalvm.nativeimage.pointsto/com.oracle.graal.pointsto.meta.AnalysisMethod.ensureGraphParsed(AnalysisMethod.java:843)
	at org.graalvm.nativeimage.pointsto/com.oracle.graal.pointsto.flow.MethodTypeFlowBuilder.parse(MethodTypeFlowBuilder.java:186)
	at org.graalvm.nativeimage.pointsto/com.oracle.graal.pointsto.flow.MethodTypeFlowBuilder.apply(MethodTypeFlowBuilder.java:621)
	at org.graalvm.nativeimage.pointsto/com.oracle.graal.pointsto.flow.MethodTypeFlow.createFlowsGraph(MethodTypeFlow.java:167)
	at org.graalvm.nativeimage.pointsto/com.oracle.graal.pointsto.flow.MethodTypeFlow.ensureFlowsGraphCreated(MethodTypeFlow.java:153)
	at org.graalvm.nativeimage.pointsto/com.oracle.graal.pointsto.flow.MethodTypeFlow.getOrCreateMethodFlowsGraphInfo(MethodTypeFlow.java:111)
	at org.graalvm.nativeimage.pointsto/com.oracle.graal.pointsto.typestate.DefaultAnalysisPolicy.staticRootMethodGraph(DefaultAnalysisPolicy.java:209)
	at org.graalvm.nativeimage.pointsto/com.oracle.graal.pointsto.PointsToAnalysis.lambda$addRootMethod$0(PointsToAnalysis.java:318)
	at org.graalvm.nativeimage.pointsto/com.oracle.graal.pointsto.AbstractAnalysisEngine$1.run(AbstractAnalysisEngine.java:344)
	at org.graalvm.nativeimage.pointsto/com.oracle.graal.pointsto.util.CompletionExecutor.executeCommand(CompletionExecutor.java:187)
	at org.graalvm.nativeimage.pointsto/com.oracle.graal.pointsto.util.CompletionExecutor.lambda$executeService$0(CompletionExecutor.java:171)
	at java.base/java.util.concurrent.ForkJoinTask$RunnableExecuteAction.exec(ForkJoinTask.java:1423)
	at java.base/java.util.concurrent.ForkJoinTask.doExec(ForkJoinTask.java:387)
	at java.base/java.util.concurrent.ForkJoinPool.externalHelpQuiesce(ForkJoinPool.java:2260)
	at java.base/java.util.concurrent.ForkJoinPool.helpQuiescePool(ForkJoinPool.java:2297)
	at java.base/java.util.concurrent.ForkJoinPool.awaitQuiescence(ForkJoinPool.java:3565)
	at org.graalvm.nativeimage.pointsto/com.oracle.graal.pointsto.util.CompletionExecutor.complete(CompletionExecutor.java:237)
	at org.graalvm.nativeimage.pointsto/com.oracle.graal.pointsto.PointsToAnalysis.doTypeflow(PointsToAnalysis.java:529)
	at org.graalvm.nativeimage.pointsto/com.oracle.graal.pointsto.PointsToAnalysis.finish(PointsToAnalysis.java:517)
	at org.graalvm.nativeimage.pointsto/com.oracle.graal.pointsto.AbstractAnalysisEngine.runAnalysis(AbstractAnalysisEngine.java:162)
	at org.graalvm.nativeimage.builder/com.oracle.svm.hosted.NativeImageGenerator.runPointsToAnalysis(NativeImageGenerator.java:783)
	at org.graalvm.nativeimage.builder/com.oracle.svm.hosted.NativeImageGenerator.doRun(NativeImageGenerator.java:592)
	at org.graalvm.nativeimage.builder/com.oracle.svm.hosted.NativeImageGenerator.run(NativeImageGenerator.java:550)
	at org.graalvm.nativeimage.builder/com.oracle.svm.hosted.NativeImageGeneratorRunner.buildImage(NativeImageGeneratorRunner.java:539)
	at org.graalvm.nativeimage.builder/com.oracle.svm.hosted.NativeImageGeneratorRunner.build(NativeImageGeneratorRunner.java:721)
	at org.graalvm.nativeimage.builder/com.oracle.svm.hosted.NativeImageGeneratorRunner.start(NativeImageGeneratorRunner.java:143)
	at org.graalvm.nativeimage.builder/com.oracle.svm.hosted.NativeImageGeneratorRunner.main(NativeImageGeneratorRunner.java:98)
Error: @CEntryPoint requires exactly one execution context parameter of type IsolateThread: org.ohdsi.circe.CirceNativeLibrary.checkCohortExpressionNative(CCharPointer)
com.oracle.svm.core.util.UserError$UserException: @CEntryPoint requires exactly one execution context parameter of type IsolateThread: org.ohdsi.circe.CirceNativeLibrary.checkCohortExpressionNative(CCharPointer)
	at org.graalvm.nativeimage.builder/com.oracle.svm.core.util.UserError.abort(UserError.java:73)
	at org.graalvm.nativeimage.builder/com.oracle.svm.hosted.code.CEntryPointCallStubMethod.generatePrologue(CEntryPointCallStubMethod.java:391)
	at org.graalvm.nativeimage.builder/com.oracle.svm.hosted.code.CEntryPointCallStubMethod.buildGraph(CEntryPointCallStubMethod.java:156)
	at org.graalvm.nativeimage.pointsto/com.oracle.graal.pointsto.meta.AnalysisMethod.buildGraph(AnalysisMethod.java:636)
	at org.graalvm.nativeimage.pointsto/com.oracle.graal.pointsto.flow.AnalysisParsedGraph.parseBytecode(AnalysisParsedGraph.java:110)
	at org.graalvm.nativeimage.pointsto/com.oracle.graal.pointsto.meta.AnalysisMethod.parseGraph(AnalysisMethod.java:895)
	at org.graalvm.nativeimage.pointsto/com.oracle.graal.pointsto.meta.AnalysisMethod.ensureGraphParsedHelper(AnalysisMethod.java:860)
	at org.graalvm.nativeimage.pointsto/com.oracle.graal.pointsto.meta.AnalysisMethod.ensureGraphParsed(AnalysisMethod.java:843)
	at org.graalvm.nativeimage.pointsto/com.oracle.graal.pointsto.flow.MethodTypeFlowBuilder.parse(MethodTypeFlowBuilder.java:186)
	at org.graalvm.nativeimage.pointsto/com.oracle.graal.pointsto.flow.MethodTypeFlowBuilder.apply(MethodTypeFlowBuilder.java:621)
	at org.graalvm.nativeimage.pointsto/com.oracle.graal.pointsto.flow.MethodTypeFlow.createFlowsGraph(MethodTypeFlow.java:167)
	at org.graalvm.nativeimage.pointsto/com.oracle.graal.pointsto.flow.MethodTypeFlow.ensureFlowsGraphCreated(MethodTypeFlow.java:153)
	at org.graalvm.nativeimage.pointsto/com.oracle.graal.pointsto.flow.MethodTypeFlow.getOrCreateMethodFlowsGraphInfo(MethodTypeFlow.java:111)
	at org.graalvm.nativeimage.pointsto/com.oracle.graal.pointsto.typestate.DefaultAnalysisPolicy.staticRootMethodGraph(DefaultAnalysisPolicy.java:209)
	at org.graalvm.nativeimage.pointsto/com.oracle.graal.pointsto.PointsToAnalysis.lambda$addRootMethod$0(PointsToAnalysis.java:318)
	at org.graalvm.nativeimage.pointsto/com.oracle.graal.pointsto.AbstractAnalysisEngine$1.run(AbstractAnalysisEngine.java:344)
	at org.graalvm.nativeimage.pointsto/com.oracle.graal.pointsto.util.CompletionExecutor.executeCommand(CompletionExecutor.java:187)
	at org.graalvm.nativeimage.pointsto/com.oracle.graal.pointsto.util.CompletionExecutor.lambda$executeService$0(CompletionExecutor.java:171)
	at java.base/java.util.concurrent.ForkJoinTask$RunnableExecuteAction.exec(ForkJoinTask.java:1423)
	at java.base/java.util.concurrent.ForkJoinTask.doExec(ForkJoinTask.java:387)
	at java.base/java.util.concurrent.ForkJoinPool.externalHelpQuiesce(ForkJoinPool.java:2260)
	at java.base/java.util.concurrent.ForkJoinPool.helpQuiescePool(ForkJoinPool.java:2297)
	at java.base/java.util.concurrent.ForkJoinPool.awaitQuiescence(ForkJoinPool.java:3565)
	at org.graalvm.nativeimage.pointsto/com.oracle.graal.pointsto.util.CompletionExecutor.complete(CompletionExecutor.java:237)
	at org.graalvm.nativeimage.pointsto/com.oracle.graal.pointsto.PointsToAnalysis.doTypeflow(PointsToAnalysis.java:529)
	at org.graalvm.nativeimage.pointsto/com.oracle.graal.pointsto.PointsToAnalysis.finish(PointsToAnalysis.java:517)
	at org.graalvm.nativeimage.pointsto/com.oracle.graal.pointsto.AbstractAnalysisEngine.runAnalysis(AbstractAnalysisEngine.java:162)
	at org.graalvm.nativeimage.builder/com.oracle.svm.hosted.NativeImageGenerator.runPointsToAnalysis(NativeImageGenerator.java:783)
	at org.graalvm.nativeimage.builder/com.oracle.svm.hosted.NativeImageGenerator.doRun(NativeImageGenerator.java:592)
	at org.graalvm.nativeimage.builder/com.oracle.svm.hosted.NativeImageGenerator.run(NativeImageGenerator.java:550)
	at org.graalvm.nativeimage.builder/com.oracle.svm.hosted.NativeImageGeneratorRunner.buildImage(NativeImageGeneratorRunner.java:539)
	at org.graalvm.nativeimage.builder/com.oracle.svm.hosted.NativeImageGeneratorRunner.build(NativeImageGeneratorRunner.java:721)
	at org.graalvm.nativeimage.builder/com.oracle.svm.hosted.NativeImageGeneratorRunner.start(NativeImageGeneratorRunner.java:143)
	at org.graalvm.nativeimage.builder/com.oracle.svm.hosted.NativeImageGeneratorRunner.main(NativeImageGeneratorRunner.java:98)
Error: @CEntryPoint requires exactly one execution context parameter of type IsolateThread: org.ohdsi.circe.CirceNativeLibrary.buildCohortSqlNative(CCharPointer, CCharPointer)
com.oracle.svm.core.util.UserError$UserException: @CEntryPoint requires exactly one execution context parameter of type IsolateThread: org.ohdsi.circe.CirceNativeLibrary.buildCohortSqlNative(CCharPointer, CCharPointer)
	at org.graalvm.nativeimage.builder/com.oracle.svm.core.util.UserError.abort(UserError.java:73)
	at org.graalvm.nativeimage.builder/com.oracle.svm.hosted.code.CEntryPointCallStubMethod.generatePrologue(CEntryPointCallStubMethod.java:391)
	at org.graalvm.nativeimage.builder/com.oracle.svm.hosted.code.CEntryPointCallStubMethod.buildGraph(CEntryPointCallStubMethod.java:156)
	at org.graalvm.nativeimage.pointsto/com.oracle.graal.pointsto.meta.AnalysisMethod.buildGraph(AnalysisMethod.java:636)
	at org.graalvm.nativeimage.pointsto/com.oracle.graal.pointsto.flow.AnalysisParsedGraph.parseBytecode(AnalysisParsedGraph.java:110)
	at org.graalvm.nativeimage.pointsto/com.oracle.graal.pointsto.meta.AnalysisMethod.parseGraph(AnalysisMethod.java:895)
	at org.graalvm.nativeimage.pointsto/com.oracle.graal.pointsto.meta.AnalysisMethod.ensureGraphParsedHelper(AnalysisMethod.java:860)
	at org.graalvm.nativeimage.pointsto/com.oracle.graal.pointsto.meta.AnalysisMethod.ensureGraphParsed(AnalysisMethod.java:843)
	at org.graalvm.nativeimage.pointsto/com.oracle.graal.pointsto.flow.MethodTypeFlowBuilder.parse(MethodTypeFlowBuilder.java:186)
	at org.graalvm.nativeimage.pointsto/com.oracle.graal.pointsto.flow.MethodTypeFlowBuilder.apply(MethodTypeFlowBuilder.java:621)
	at org.graalvm.nativeimage.pointsto/com.oracle.graal.pointsto.flow.MethodTypeFlow.createFlowsGraph(MethodTypeFlow.java:167)
	at org.graalvm.nativeimage.pointsto/com.oracle.graal.pointsto.flow.MethodTypeFlow.ensureFlowsGraphCreated(MethodTypeFlow.java:153)
	at org.graalvm.nativeimage.pointsto/com.oracle.graal.pointsto.flow.MethodTypeFlow.getOrCreateMethodFlowsGraphInfo(MethodTypeFlow.java:111)
	at org.graalvm.nativeimage.pointsto/com.oracle.graal.pointsto.typestate.DefaultAnalysisPolicy.staticRootMethodGraph(DefaultAnalysisPolicy.java:209)
	at org.graalvm.nativeimage.pointsto/com.oracle.graal.pointsto.PointsToAnalysis.lambda$addRootMethod$0(PointsToAnalysis.java:318)
	at org.graalvm.nativeimage.pointsto/com.oracle.graal.pointsto.AbstractAnalysisEngine$1.run(AbstractAnalysisEngine.java:344)
	at org.graalvm.nativeimage.pointsto/com.oracle.graal.pointsto.util.CompletionExecutor.executeCommand(CompletionExecutor.java:187)
	at org.graalvm.nativeimage.pointsto/com.oracle.graal.pointsto.util.CompletionExecutor.lambda$executeService$0(CompletionExecutor.java:171)
	at java.base/java.util.concurrent.ForkJoinTask$RunnableExecuteAction.exec(ForkJoinTask.java:1423)
	at java.base/java.util.concurrent.ForkJoinTask.doExec(ForkJoinTask.java:387)
	at java.base/java.util.concurrent.ForkJoinPool.externalHelpQuiesce(ForkJoinPool.java:2260)
	at java.base/java.util.concurrent.ForkJoinPool.helpQuiescePool(ForkJoinPool.java:2297)
	at java.base/java.util.concurrent.ForkJoinPool.awaitQuiescence(ForkJoinPool.java:3565)
	at org.graalvm.nativeimage.pointsto/com.oracle.graal.pointsto.util.CompletionExecutor.complete(CompletionExecutor.java:237)
	at org.graalvm.nativeimage.pointsto/com.oracle.graal.pointsto.PointsToAnalysis.doTypeflow(PointsToAnalysis.java:529)
	at org.graalvm.nativeimage.pointsto/com.oracle.graal.pointsto.PointsToAnalysis.finish(PointsToAnalysis.java:517)
	at org.graalvm.nativeimage.pointsto/com.oracle.graal.pointsto.AbstractAnalysisEngine.runAnalysis(AbstractAnalysisEngine.java:162)
	at org.graalvm.nativeimage.builder/com.oracle.svm.hosted.NativeImageGenerator.runPointsToAnalysis(NativeImageGenerator.java:783)
	at org.graalvm.nativeimage.builder/com.oracle.svm.hosted.NativeImageGenerator.doRun(NativeImageGenerator.java:592)
	at org.graalvm.nativeimage.builder/com.oracle.svm.hosted.NativeImageGenerator.run(NativeImageGenerator.java:550)
	at org.graalvm.nativeimage.builder/com.oracle.svm.hosted.NativeImageGeneratorRunner.buildImage(NativeImageGeneratorRunner.java:539)
	at org.graalvm.nativeimage.builder/com.oracle.svm.hosted.NativeImageGeneratorRunner.build(NativeImageGeneratorRunner.java:721)
	at org.graalvm.nativeimage.builder/com.oracle.svm.hosted.NativeImageGeneratorRunner.start(NativeImageGeneratorRunner.java:143)
	at org.graalvm.nativeimage.builder/com.oracle.svm.hosted.NativeImageGeneratorRunner.main(NativeImageGeneratorRunner.java:98)
------------------------------------------------------------------------------------------------------------------------
                        0.2s (5.3% of total time) in 17 GCs | Peak RSS: 0.66GB | CPU load: 6.68
========================================================================================================================
Finished generating 'libcirce-native' in 4.0s.
